    Blocking waiting for file lock on package cache
    Blocking waiting for file lock on package cache
    Blocking waiting for file lock on package cache
    Blocking waiting for file lock on build directory
    Finished `release` profile [optimized] target(s) in 5m 02s
ing crates ...
  Downloaded adler v1.0.2
  Downloaded ab_glyph_rasterizer v0.1.8
  Downloaded ansi_term v0.12.1
  Downloaded atty v0.2.14
  Downloaded autocfg v1.1.0
  Downloaded cfg-if v1.0.0
  Downloaded anyhow v1.0.68
  Downloaded proc-macro-error-attr v1.0.4
  Downloaded strsim v0.10.0
  Downloaded time-core v0.1.6
  Downloaded zip v0.6.4
  Downloaded version_check v0.9.4
  Downloaded windows-link v0.2.0
  Downloaded thiserror-impl v1.0.37
  Downloaded uuid v1.2.2
  Downloaded itoa v0.4.8
  Downloaded proc-macro-error v1.0.4
  Downloaded symphonia-format-caf v0.6.0
  Downloaded symphonia-format-riff v0.6.0
  Downloaded thiserror v1.0.37
  Downloaded crc32fast v1.3.2
  Downloaded unicode-width v0.1.10
  Downloaded termcolor v1.2.0
  Downloaded time-macros v0.2.24
  Downloaded cargo-platform v0.1.2
  Downloaded getopts v0.2.21
  Downloaded plist v1.8.0
  Downloaded clap_lex v0.2.4
  Downloaded extended v0.1.0
  Downloaded proc-macro2 v1.0.103
  Downloaded symphonia-format-isomp4 v0.6.0
  Downloaded symphonia-metadata v0.6.0
  Downloaded textwrap v0.16.0
  Downloaded toml v0.5.11
  Downloaded unicode-ident v1.0.5
  Downloaded cargo-license v0.5.1
  Downloaded heck v0.4.1
  Downloaded version-compare v0.1.1
  Downloaded itoa v1.0.4
  Downloaded sha1 v0.10.6
  Downloaded symphonia v0.6.0
  Downloaded symphonia-bundle-mp3 v0.6.0
  Downloaded symphonia-codec-adpcm v0.6.0
  Downloaded symphonia-codec-alac v0.6.0
  Downloaded symphonia-codec-pcm v0.6.0
  Downloaded clap_derive v3.2.18
  Downloaded lazy_static v1.4.0
  Downloaded md-5 v0.10.6
  Downloaded nibarchive v0.1.0
  Downloaded num-conv v0.1.0
  Downloaded num-traits v0.2.19
  Downloaded os_str_bytes v6.4.1
  Downloaded scopeguard v1.2.0
  Downloaded byteorder v1.4.3
  Downloaded cmake v0.1.49
  Downloaded csv-core v0.1.10
  Downloaded deranged v0.5.5
  Downloaded rusttype v0.9.3
  Downloaded symphonia-codec-aac v0.6.0
  Downloaded serde v1.0.228
  Downloaded num-complex v0.4.6
  Downloaded once_cell v1.17.0
  Downloaded quote v1.0.42
  Downloaded smallvec v1.15.1
  Downloaded symphonia-common v0.6.0
  Downloaded typenum v1.19.0
  Downloaded base64 v0.22.1
  Downloaded bitflags v2.11.0
  Downloaded bytemuck v1.14.3
  Downloaded camino v1.1.2
  Downloaded cargo_metadata v0.15.3
  Downloaded getrandom v0.2.17
  Downloaded gl_generator v0.14.0
  Downloaded hound v3.5.0
  Downloaded log v0.4.17
  Downloaded semver v1.0.16
  Downloaded xml-rs v0.8.4
  Downloaded indexmap v1.9.2
  Downloaded memchr v2.5.0
  Downloaded miniz_oxide v0.6.2
  Downloaded ryu v1.0.12
  Downloaded serde_core v1.0.228
  Downloaded serde_derive v1.0.228
  Downloaded cc v1.0.83
  Downloaded corosensei v0.3.2
  Downloaded regex-lite v0.1.9
  Downloaded time v0.3.44
  Downloaded ttf-parser v0.15.2
  Downloaded flate2 v1.0.25
  Downloaded indexmap v2.12.1
  Downloaded hashbrown v0.12.3
  Downloaded symphonia-core v0.6.0
  Downloaded regex-automata v0.1.10
  Downloaded mach_object v0.1.17
  Downloaded hashbrown v0.16.1
  Downloaded quick-xml v0.38.4
  Downloaded serde_json v1.0.91
  Downloaded owned_ttf_parser v0.15.2
  Downloaded syn v1.0.105
  Downloaded clap v3.2.23
  Downloaded syn v2.0.111
  Downloaded bstr v0.2.17
  Downloaded khronos_api v3.1.0
  Downloaded libc v0.2.180
  Downloaded csv v1.1.6
  Downloaded encoding_rs v0.8.35
  Downloaded windows-sys v0.61.0
    Blocking waiting for file lock on package cache
   Compiling proc-macro2 v1.0.103
   Compiling libc v0.2.180
   Compiling autocfg v1.1.0
   Compiling unicode-ident v1.0.5
   Compiling quote v1.0.42
   Compiling cfg-if v1.0.0
   Compiling log v0.4.17
   Compiling version_check v0.9.4
   Compiling cc v1.0.83
   Compiling serde_core v1.0.228
   Compiling num-traits v0.2.19
   Compiling lazy_static v1.4.0
   Compiling cmake v0.1.49
   Compiling syn v2.0.111
   Compiling serde v1.0.228
   Compiling syn v1.0.105
   Compiling num-complex v0.4.6
   Compiling serde_derive v1.0.228
   Compiling smallvec v1.15.1
   Compiling bytemuck v1.14.3
   Compiling bitflags v2.11.0
   Compiling symphonia-core v0.6.0
   Compiling typenum v1.19.0
   Compiling generic-array v0.14.7
   Compiling thiserror v1.0.37
   Compiling proc-macro-error-attr v1.0.4
   Compiling regex-lite v0.1.9
   Compiling memchr v2.5.0
   Compiling khronos_api v3.1.0
   Compiling thiserror-impl v1.0.37
   Compiling symphonia-metadata v0.6.0
   Compiling proc-macro-error v1.0.4
   Compiling indexmap v1.9.2
   Compiling camino v1.1.2
   Compiling xml-rs v0.8.4
   Compiling ryu v1.0.12
   Compiling version-compare v0.1.1
   Compiling semver v1.0.16
   Compiling serde_json v1.0.91
   Compiling gl_generator v0.14.0
   Compiling sdl2-sys v0.37.0 (https://github.com/touchHLE/rust-sdl2?tag=touchHLE-3#b67f98fe)
   Compiling symphonia-common v0.6.0
   Compiling crypto-common v0.1.7
   Compiling regex-automata v0.1.10
   Compiling heck v0.4.1
   Compiling os_str_bytes v6.4.1
   Compiling itoa v1.0.4
   Compiling anyhow v1.0.68
   Compiling hashbrown v0.12.3
   Compiling bstr v0.2.17
   Compiling clap_lex v0.2.4
   Compiling clap_derive v3.2.18
   Compiling csv-core v0.1.10
   Compiling cargo-platform v0.1.2
   Compiling atty v0.2.14
   Compiling termcolor v1.2.0
   Compiling crc32fast v1.3.2
   Compiling once_cell v1.17.0
   Compiling time-core v0.1.6
   Compiling itoa v0.4.8
   Compiling textwrap v0.16.0
   Compiling unicode-width v0.1.10
   Compiling powerfmt v0.2.0
   Compiling num-conv v0.1.0
   Compiling strsim v0.10.0
   Compiling bitflags v1.3.2
   Compiling clap v3.2.23
   Compiling time-macros v0.2.24
   Compiling deranged v0.5.5
   Compiling getopts v0.2.21
   Compiling csv v1.1.6
   Compiling cargo_metadata v0.15.3
   Compiling block-buffer v0.10.4
   Compiling toml v0.5.11
   Compiling ansi_term v0.12.1
   Compiling adler v1.0.2
   Compiling time v0.3.44
   Compiling miniz_oxide v0.6.2
   Compiling cargo-license v0.5.1
   Compiling digest v0.10.7
   Compiling touchHLE_gl_bindings v0.3.0 (/home/.z/workspaces/con_ESQRqrjC1pWEKr9F/titaniumHLE/src/gles/gl_bindings)
   Compiling getrandom v0.2.17
   Compiling inout v0.1.4
   Compiling touchHLE_dynarmic_wrapper v0.3.0 (/home/.z/workspaces/con_ESQRqrjC1pWEKr9F/titaniumHLE/src/cpu/dynarmic_wrapper)
   Compiling touchHLE_openal_soft_wrapper v0.3.0 (/home/.z/workspaces/con_ESQRqrjC1pWEKr9F/titaniumHLE/src/audio/openal_soft_wrapper)
   Compiling touchHLE_pvrt_decompress_wrapper v0.3.0 (/home/.z/workspaces/con_ESQRqrjC1pWEKr9F/titaniumHLE/src/image/pvrt_decompress_wrapper)
   Compiling touchHLE_stb_image_wrapper v0.3.0 (/home/.z/workspaces/con_ESQRqrjC1pWEKr9F/titaniumHLE/src/image/stb_image_wrapper)
   Compiling corosensei v0.3.2
   Compiling hashbrown v0.16.1
   Compiling equivalent v1.0.2
   Compiling byteorder v1.4.3
   Compiling touchHLE_version v0.3.0 (/home/.z/workspaces/con_ESQRqrjC1pWEKr9F/titaniumHLE/src/version)
   Compiling sdl2 v0.37.0 (https://github.com/touchHLE/rust-sdl2?tag=touchHLE-3#b67f98fe)
   Compiling cpufeatures v0.2.17
   Compiling ttf-parser v0.15.2
   Compiling extended v0.1.0
   Compiling symphonia-format-riff v0.6.0
   Compiling owned_ttf_parser v0.15.2
   Compiling indexmap v2.12.1
   Compiling cipher v0.4.4
   Compiling uuid v1.2.2
   Compiling flate2 v1.0.25
   Compiling quick-xml v0.38.4
   Compiling touchHLE v0.3.0 (/home/.z/workspaces/con_ESQRqrjC1pWEKr9F/titaniumHLE)
   Compiling symphonia-format-isomp4 v0.6.0
   Compiling symphonia-format-caf v0.6.0
   Compiling symphonia-codec-aac v0.6.0
   Compiling symphonia-codec-alac v0.6.0
   Compiling symphonia-bundle-mp3 v0.6.0
   Compiling symphonia-codec-adpcm v0.6.0
   Compiling symphonia-codec-pcm v0.6.0
   Compiling scopeguard v1.2.0
   Compiling base64 v0.22.1
   Compiling ab_glyph_rasterizer v0.1.8
   Compiling windows-link v0.2.0
   Compiling windows-sys v0.61.0
   Compiling rusttype v0.9.3
   Compiling plist v1.8.0
   Compiling symphonia v0.6.0
   Compiling zip v0.6.4
   Compiling mach_object v0.1.17
   Compiling aes v0.8.4
   Compiling sha1 v0.10.6
   Compiling md-5 v0.10.6
   Compiling encoding_rs v0.8.35
   Compiling hound v3.5.0
   Compiling nibarchive v0.1.0
    Finished `release` profile [optimized] target(s) in 5m 12s
